I'm sorry, but errors were detected in your script. Please correct the
errors listed below, and try again.


File "game/script.rpy", line 49: expected statement.
    shw ox at right
           ^

Ren'Py Version: Ren'Py 8.0.0.22062402
Mon Jul  4 00:08:56 2022
